// Jest Snapshot v1, https://goo.gl/fbAQLP

exports[`render button 1`] = `
<a
  className="mr-4 text-light"
  href="/teacher/historicalData"
  onClick={[Function]}
>
  Historical data page
</a>
`;
