// Jest Snapshot v1, https://goo.gl/fbAQLP

exports[`TopBar renderer Whit User logged in 1`] = `
<nav
  className="navbar navbar-expand navbar-dark bg-dark"
>
  <span
    className="navbar-brand"
  >
    PULSeBS
  </span>
  <span
    className="ml-auto navbar-text"
    data-testid="welcome-message"
  >
    Welcome 
  </span>
  <a
    className="ml-auto"
    data-testid="logout-link"
    href="/"
    onClick={[Function]}
  >
    Logout 
    <svg
      className="bi bi-box-arrow-right"
      fill="currentColor"
      height="22"
      viewBox="0 0 16 16"
      width="22"
      xmlns="http://www.w3.org/2000/svg"
    >
      <path
        d="M11.646 11.354a.5.5 0 0 1 0-.708L14.293 8l-2.647-2.646a.5.5 0 0 1 .708-.708l3 3a.5.5 0 0 1 0 .708l-3 3a.5.5 0 0 1-.708 0z"
        fillRule="evenodd"
      />
      <path
        d="M4.5 8a.5.5 0 0 1 .5-.5h9a.5.5 0 0 1 0 1H5a.5.5 0 0 1-.5-.5z"
        fillRule="evenodd"
      />
      <path
        d="M2 13.5A1.5 1.5 0 0 1 .5 12V4A1.5 1.5 0 0 1 2 2.5h7A1.5 1.5 0 0 1 10.5 4v1.5a.5.5 0 0 1-1 0V4a.5.5 0 0 0-.5-.5H2a.5.5 0 0 0-.5.5v8a.5.5 0 0 0 .5.5h7a.5.5 0 0 0 .5-.5v-1.5a.5.5 0 0 1 1 0V12A1.5 1.5 0 0 1 9 13.5H2z"
        fillRule="evenodd"
      />
    </svg>
  </a>
</nav>
`;

exports[`TopBar renderer Without user logged in 1`] = `
<nav
  className="navbar navbar-expand navbar-dark bg-dark"
>
  <span
    className="navbar-brand"
  >
    PULSeBS
  </span>
</nav>
`;
